****************************
0-add_integer.py
****************************

Using: add_integer
****************************

import the function:

>>> add_integer = __import__('0-add_integer').add_integer


Success tests:

>>> add_integer(1, 2)
3

>>> add_integer(100, -2)
98

>>> add_integer(2)
100

>>> add_integer(100.3, -2)
98



Failure tests:

>>> add_integer(1, e)
Traceback (most recent call last):
NameError: name 'e' is not defined

>>> add_integer(2))
Traceback (most recent call last):
SyntaxError: unmatched ')'

>>> add_integer(None)
Traceback (most recent call last):
TypeError: a must be an integer

>>> add_integer()
Traceback (most recent call last):
TypeError: add_integer() missing 1 required positional argument: 'a'

>>> add_integer("Oh", "pinaise")
Traceback (most recent call last):
TypeError: a must be an integer

>>> add_integer(float('boo'))
Traceback (most recent call last):
ValueError: cannot convert string to float: 'boo'

>>> add_integer(10000e56000000)
Traceback (most recent call last):
OverflowError: cannot convert float infinity to integer

>> add_integer(float('nan'))
Traceback (most recent call last):
ValueError: cannot convert float NaN to integer
