**************************
5-text_indentation module
*************************


Using text_indentation
***********************

Import the function:


>>> text_indentation = __import__('5-text_indentation').text_indentation


Test:

>>> text_indentation("    Holberton")
Holberton

>>> text_indentation(text_string)
Quae animi affectio.
<BLANKLINE>
Utinam quidem:
<BLANKLINE>
dicerent alium alio?

>>> text_indentation(357)
Traceback (most recent call last):
TypeError: text must be a string

>>> text_indentation("Holberton .?. Schools")
Holberton .
<BLANKLINE>
?
<BLANKLINE>
.
<BLANKLINE>
Schools

>>> text_indentation("")

>>> test_indentation("Hello.")
Hello.
<BLANKLINE>

>>> test_indentation("Hola chicos.")
Hola
<BLANKLINE> 
chicos.
<BLANKLINE>


>>> text_indentation("""Lorem ipsum dolor sit amet, consectetur adipiscing elit. \
....Quonam modo? Utrum igitur tibi litteram videor an totas paginas commovere? \
....Non autem hoc: igitur ne illud quidem. Fortasse id optimum, sed ubi illud: \
....Plus semper voluptatis? Teneo, inquit, finem illi videri nihil dolere. \
....Transfer idem ad modestiam vel temperantiam, quae est moderatio cupiditatum \
....rationi oboediens. Si id dicis, vicimus. Inde sermone vario sex illa a Dipylo \
....stadia confecimus. Sin aliud quid voles, postea. Quae animi affectio suum \
....cuique tribuens atque hanc, quam dico. Utinam quidem dicerent alium alio \
....beatiorem! Iam ruinas videres""")

Lorem ipsum dolor sit amet, consectetur adipiscing elit.


Quonam modo?


Utrum igitur tibi litteram videor an totas paginas commovere?

Non autem hoc:

igitur ne illud quidem.

Fortasse id optimum, sed ubi illud:


Plus semper voluptatis?

Teneo, inquit, finem illi videri nihil dolere.



Transfer idem ad modestiam vel temperantiam, quae est moderatio cupiditatum rationi oboediens.


Si id dicis, vicimus.

Inde sermone vario sex illa a Dipylo stadia confecimus.

Sin aliud quid voles, postea.

Quae animi affectio suum cuique tribuens atque hanc, quam dico.

>>> text_indentation(".  : ?")
.
<BLANKLINE>
:
<BLANKLINE>
?
<BLANKLINE>

>>> text_indentation("Holberton")
Holberton

>>> text_indentation(5)
Traceback (most recent call last):
TypeError: text must be a string


>>> text_indentation("Hello\n\nworld.")
Hello
<BLANKLINE>
world.
<BLANKLINE>


>>> text_indentation("")


>>> text_indentation()
Traceback (most recent call last):
TypeError: test_indentation() missing 1 requires positional argument: 'text'
